/home/hx2004/hackprinceton_spring2025/algo/main.py:56: FutureWarning: The input object of type 'Tensor' is an array-like implementing one of the corresponding protocols (`__array__`, `__array_interface__` or `__array_struct__`); but not a sequence (or 0-D). In the future, this object will be coerced as if it was first converted using `np.array(obj)`. To retain the old behaviour, you have to either modify the type 'Tensor', or assign to an empty array created with `np.empty(correct_shape, dtype=object)`.
  edge_type = np.array(edge_type)
/home/hx2004/hackprinceton_spring2025/algo/main.py:56: VisibleDeprecationWarning: Creating an ndarray from ragged nested sequences (which is a list-or-tuple of lists-or-tuples-or ndarrays with different lengths or shapes) is deprecated. If you meant to do this, you must specify 'dtype=object' when creating the ndarray.
  edge_type = np.array(edge_type)
Traceback (most recent call last):
  File "/home/hx2004/hackprinceton_spring2025/algo/main.py", line 60, in <module>
    edge_type = normalize(edge_type, axis = 1, norm = 'l1')
                ^^^^^^^^^^^^^^^^^^^^^^^^^^^^^^^^^^^^^^^^^^^
  File "/home/hx2004/.conda/envs/hxu/lib/python3.11/site-packages/sklearn/utils/_param_validation.py", line 216, in wrapper
    return func(*args, **kwargs)
           ^^^^^^^^^^^^^^^^^^^^^
  File "/home/hx2004/.conda/envs/hxu/lib/python3.11/site-packages/sklearn/preprocessing/_data.py", line 1965, in normalize
    X = check_array(
        ^^^^^^^^^^^^
  File "/home/hx2004/.conda/envs/hxu/lib/python3.11/site-packages/sklearn/utils/validation.py", line 1055, in check_array
    array = _asarray_with_order(array, order=order, dtype=dtype, xp=xp)
            ^^^^^^^^^^^^^^^^^^^^^^^^^^^^^^^^^^^^^^^^^^^^^^^^^^^^^^^^^^^
  File "/home/hx2004/.conda/envs/hxu/lib/python3.11/site-packages/sklearn/utils/_array_api.py", line 839, in _asarray_with_order
    array = numpy.asarray(array, order=order, dtype=dtype)
            ^^^^^^^^^^^^^^^^^^^^^^^^^^^^^^^^^^^^^^^^^^^^^^
ValueError: only one element tensors can be converted to Python scalars
